javac : src\projestJe
st\VueGraphique.java:
66: error: cannot 
find symbol
Au caractère Ligne:1 
: 1
+ javac -d bin 
-sourcepath src src/p
rojestJest/VueGraphiq
ue.java 2> err ...
+ ~~~~~~~~~~~~~~~~~~~
~~~~~~~~~~~~~~~~~~~~~
~~~~~~~~~~~~~~~~~~~~~
~~~~~~~~
    + CategoryInfo   
           : NotSpe  
  cified: (src\pro   
 jestJest...not f    
ind symbol:Strin    
g) [], RemoteExc    
eption
    + FullyQualified 
   ErrorId : Native  
  CommandError
 
            0, 0, 
new Font("Arial", 
Font.BOLD, 12), 
Color.GOLD));
                     
                     
               ^
  symbol:   variable 
GOLD
  location: class 
Color
src\projestJest\VueGr
aphique.java:65: 
error: cannot find 
symbol
            BorderFac
tory.createLineBorder
(Color.GOLD), 
"TrophÚes en jeu", 
                     
                     
      ^
  symbol:   variable 
GOLD
  location: class 
Color
Note: Some input 
files use unchecked 
or unsafe operations.
Note: Recompile with 
-Xlint:unchecked for 
details.
2 errors
